gcc -g p8original.c
 ./a.out
Enter number = 16
Enter number = 25
Enter number = 36
Square Root of 16.00 is 4.00
Square Root of 25.00 is 5.00
Square Root of 36.00 is 6.00
 gdb a.out
GNU gdb (Ubuntu 8.1.1-0ubuntu1) 8.1.1
Copyright (C) 2018 Free Software Foundation, Inc.
License GPLv3+: GNU GPL version 3 or later <http://gnu.org/licenses/gpl.html>
This is free software: you are free to change and redistribute it.
There is NO WARRANTY, to the extent permitted by law.  Type "show copying"
and "show warranty" for details.
This GDB was configured as "x86_64-linux-gnu".
Type "show configuration" for configuration details.
For bug reporting instructions, please see:
<http://www.gnu.org/software/gdb/bugs/>.
Find the GDB manual and other documentation resources online at:
<http://www.gnu.org/software/gdb/documentation/>.
For help, type "help".
Type "apropos word" to search for commands related to "word"...
Reading symbols from a.out...done.
(gdb) b main
Breakpoint 1 at 0x772: file p8original.c, line 10.
(gdb) r
Starting program: /home/runner/pps-test1-Daphinejoy/a.out 
warning: Error disabling address space randomization: Operation not permitted

Breakpoint 1, main () at p8original.c:10
10    a = input();
(gdb) n
Enter number = 9
11    b = input();
(gdb) n
Enter number = 16
12    c = input();
(gdb) n
Enter number = 25
15    a1 = sqRoot(a);
(gdb) n
16    b1 = sqRoot(b);
(gdb) n
17    c1 = sqRoot(c);
(gdb) n
19    output(a,b,c,a1,b1,c1);
(gdb) n
Square Root of 9.00 is 3.00
Square Root of 16.00 is 4.00
Square Root of 25.00 is 5.00
21  }
(gdb) n
__libc_start_main (main=0x55ca2820076a <main>, argc=1, 
    argv=0x7ffebcd8d4a8, init=<optimized out>, 
    fini=<optimized out>, rtld_fini=<optimized out>, 
    stack_end=0x7ffebcd8d498) at ../csu/libc-start.c:344
344 ../csu/libc-start.c: No such file or directory.
(gdb) q
A debugging session is active.

    Inferior 1 [process 367] will be killed.

Quit anyway? (y or n) y
 